ASxxxx Assembler V05.00  (Motorola 6809), page 1.
Hexidecimal [16-Bits]



                              1         	.area PROG (ABS)
                              2 
                              3          			; Inicio definicion de constantes
                     FF01     4 fin     	.equ 	0xFF01
                     FF02     5 teclado		.equ	0xFF02
                     FF00     6 pantalla 	.equ 	0xFF00
                              7          			; Fin definicion de constantes
   0100                       8         	.org 	0x100	
                              9         	.globl 	programa
                             10 
                             11 			; Inicio declaración de variables
   0100 01 A3                12 uno:	.word	0x01A3
   0102 B1                   13 dos:	.byte	0xB1
   0103 00 00                14 suma1:	.word	0
   0105 00 00                15 suma2:	.word	0	
                             16 			; Fin declaración de variables
                             17 	        	
                             18 			; Comienzo del programa
   0107                      19 programa:	
   0107 BE 01 00      [ 6]   20 			ldx uno	; x = uno
   010A F6 01 02      [ 5]   21 			ldb dos	; b = dos
   010D 3A            [ 3]   22 			abx	; x = x + b
   010E FD 01 03      [ 6]   23 			std suma1	; Guardo el resultado en suma1
                             24 
   0111 F6 01 02      [ 5]   25 			ldb dos	; b = dos
   0114 1D            [ 2]   26 			sex	; d = b
   0115 F3 01 00      [ 7]   27 			addd uno ; d = d + 0x01A3
   0118 FD 01 05      [ 6]   28 			std suma2	; Guardo el resultado en suma2
                             29 
   011B 4F            [ 2]   30 acabar: 	clra
   011C B7 FF 01      [ 5]   31 	sta 	fin
                             32 
   FFFE                      33 	.org 	0xFFFE	; Vector de RESET
   FFFE 01 07                34 	.word 	programa
ASxxxx Assembler V05.00  (Motorola 6809), page 2.
Hexidecimal [16-Bits]

Symbol Table

    .__.$$$.       =   2710 L   |     .__.ABS.       =   0000 G
    .__.CPU.       =   0000 L   |     .__.H$L.       =   0001 L
  2 acabar             011B GR  |   2 dos                0102 GR
    fin            =   FF01 G   |     pantalla       =   FF00 G
  2 programa           0107 GR  |   2 suma1              0103 GR
  2 suma2              0105 GR  |     teclado        =   FF02 G
  2 uno                0100 GR

ASxxxx Assembler V05.00  (Motorola 6809), page 3.
Hexidecimal [16-Bits]

Area Table

[_CSEG]
   0 _CODE            size    0   flags C080
   2 PROG             size    0   flags  908
[_DSEG]
   1 _DATA            size    0   flags C0C0

