ASxxxx Assembler V05.00  (Motorola 6809), page 1.
Hexidecimal [16-Bits]



                              1         	.area PROG (ABS)
                              2 
                              3          			; Inicio definicion de constantes
                     FF01     4 fin     	.equ 	0xFF01
                     FF02     5 teclado	    .equ	0xFF02
                     FF00     6 pantalla 	.equ 	0xFF00
                              7          			; Fin definicion de constantes
   0100                       8         	.org 	0x100	
                              9         	.globl 	programa
                             10 
                             11 			; Inicio declaración de variables
                             12 
                             13 			; Fin declaración de variables
                             14 	        	
                             15 			; Comienzo del programa
   0100                      16 programa:	
   0100 86 09         [ 2]   17         lda #9
   0102                      18 bucle: 	
   0102 1F 89         [ 6]   19         tfr a,b
   0104 CB 30         [ 2]   20         addb #'0
   0106 F7 FF 00      [ 5]   21         stb pantalla
   0109 80 01         [ 2]   22         suba #1
   010B 24 F5         [ 3]   23         bcc bucle
                             24 			
   010D 4F            [ 2]   25 acabar: 	clra
   010E B7 FF 01      [ 5]   26 	sta 	fin
                             27 
   FFFE                      28 	.org 	0xFFFE	; Vector de RESET
   FFFE 01 00                29 	.word 	programa
ASxxxx Assembler V05.00  (Motorola 6809), page 2.
Hexidecimal [16-Bits]

Symbol Table

    .__.$$$.       =   2710 L   |     .__.ABS.       =   0000 G
    .__.CPU.       =   0000 L   |     .__.H$L.       =   0001 L
  2 acabar             010D GR  |   2 bucle              0102 GR
    fin            =   FF01 G   |     pantalla       =   FF00 G
  2 programa           0100 GR  |     teclado        =   FF02 G

ASxxxx Assembler V05.00  (Motorola 6809), page 3.
Hexidecimal [16-Bits]

Area Table

[_CSEG]
   0 _CODE            size    0   flags C080
   2 PROG             size    0   flags  908
[_DSEG]
   1 _DATA            size    0   flags C0C0

