ASxxxx Assembler V05.00  (Motorola 6809), page 1.
Hexidecimal [16-Bits]



                              1         	.area PROG (ABS)
                              2 
                              3          			; Inicio definicion de constantes
                     FF01     4 fin     	.equ 	0xFF01
                     FF02     5 teclado	    .equ	0xFF02
                     FF00     6 pantalla 	.equ 	0xFF00
                              7          			; Fin definicion de constantes
   0100                       8         	.org 	0x100	
                              9         	.globl 	programa
                             10 
                             11 			; Inicio declaración de variables
                             12 
                             13 			; Fin declaración de variables
                             14 	        	
                             15 			; Comienzo del programa
   0100                      16 programa:	
                             17 
   0100                      18 bucle:
   0100 B6 FF 02      [ 5]   19         lda teclado
   0103 FD FF 00      [ 6]   20         std pantalla
   0106 C0 66         [ 2]   21         subb #'f
   0108 26 F6         [ 3]   22         bne bucle
                             23 			
   010A 4F            [ 2]   24 acabar: 	clra
   010B B7 FF 01      [ 5]   25 	sta 	fin
                             26 
   FFFE                      27 	.org 	0xFFFE	; Vector de RESET
   FFFE 01 00                28 	.word 	programa
ASxxxx Assembler V05.00  (Motorola 6809), page 2.
Hexidecimal [16-Bits]

Symbol Table

    .__.$$$.       =   2710 L   |     .__.ABS.       =   0000 G
    .__.CPU.       =   0000 L   |     .__.H$L.       =   0001 L
  2 acabar             010A GR  |   2 bucle              0100 GR
    fin            =   FF01 G   |     pantalla       =   FF00 G
  2 programa           0100 GR  |     teclado        =   FF02 G

ASxxxx Assembler V05.00  (Motorola 6809), page 3.
Hexidecimal [16-Bits]

Area Table

[_CSEG]
   0 _CODE            size    0   flags C080
   2 PROG             size    0   flags  908
[_DSEG]
   1 _DATA            size    0   flags C0C0

