ASxxxx Linker V05.00,  page 1.
Hexidecimal  [16-Bits]

Area                       Addr        Size        Decimal Bytes (Attributes)
--------------------       ----        ----        ------- ----- ------------
.  .ABS.                   0000        0000 =           0. bytes (ABS,OVR,CSEG)

         Value  Global                             Global Defined In Module
         -----  --------------------------------   ------------------------
          0000  l_PROG                          
          0000  l__DATA                         
          0000  s_PROG                          
          0000  s__DATA                         
          0000  s__CODE                         
          0000  .__.ABS.                           holamundo
          000E  l__CODE                         

ASxxxx Linker V05.00,  page 2.
Hexidecimal  [16-Bits]

Area                       Addr        Size        Decimal Bytes (Attributes)
--------------------       ----        ----        ------- ----- ------------
PROG                       0000        0000 =           0. bytes (ABS,OVR,CSEG)

         Value  Global                             Global Defined In Module
         -----  --------------------------------   ------------------------
          010C  programa                           holamundo

ASxxxx Linker V05.00,  page 3.
Hexidecimal  [16-Bits]
[ Bank == _CSEG ]

Area                       Addr        Size        Decimal Bytes (Attributes)
--------------------       ----        ----        ------- ----- ------------
_CODE                      0000        000E =          14. bytes (REL,CON,CSEG)

         Value  Global                             Global Defined In Module
         -----  --------------------------------   ------------------------
          0000  imprime_cadena                     cadena

ASxxxx Linker V05.00,  page 4.

Files Linked                              [ module(s) ]

holamundo.rel                             [ holamundo ]
cadenas.rel                               [ cadena ]


