ASxxxx Assembler V05.00  (Motorola 6809), page 1.
Hexidecimal [16-Bits]



                              1 ; HOLA MUNDO MOD
                              2             .area PROG(ABS)
                              3 
   0100                       4             .org 0x100
   0100 48 6F 6C 61 0A 00     5 cadena:     .asciz  "Hola\n"    ; Cadena de caracteres
                              6             .globl programa
                              7     
   0106                       8 programa:
   0106 8E 01 00      [ 3]    9         ldx #cadena
   0109 A6 80         [ 6]   10 bucle:  lda     ,x+     ;Incrementa el puntero x
   010B 27 05         [ 3]   11         beq     acabar  ;Si es 0, acaba
   010D B7 FF 00      [ 5]   12         sta     0xFF00   ;Salida pantalla
   0110 20 F7         [ 3]   13         bra     bucle   
                             14 
                             15 
   0112 4F            [ 2]   16 acabar: clra
   0113 B7 FF 01      [ 5]   17         sta     0xFF01
   FFFE                      18         .org    0xFFFE
   FFFE 01 06                19         .word   programa
ASxxxx Assembler V05.00  (Motorola 6809), page 2.
Hexidecimal [16-Bits]

Symbol Table

    .__.$$$.       =   2710 L   |     .__.ABS.       =   0000 G
    .__.CPU.       =   0000 L   |     .__.H$L.       =   0001 L
  2 acabar             0112 R   |   2 bucle              0109 R
  2 cadena             0100 R   |   2 programa           0106 GR

ASxxxx Assembler V05.00  (Motorola 6809), page 3.
Hexidecimal [16-Bits]

Area Table

[_CSEG]
   0 _CODE            size    0   flags C080
   2 PROG             size    0   flags  908
[_DSEG]
   1 _DATA            size    0   flags C0C0

